
  [32m[1mVITE[22m v5.4.21[39m  [2mready in [0m[1m1281[22m[2m[0m ms[22m

  [32m➜[39m  [1mLocal[22m:   [36mhttp://127.0.0.1:[1m3000[22m/[39m
[2m[32m  ➜[39m[22m[2m  press [22m[1mh + enter[22m[2m to show help[22m
[2m7:00:56 am[22m [36m[1m[vite][22m[39m [32mhmr update [39m[2m/src/pages/Checkout.jsx[22m
[2m7:01:09 am[22m [36m[1m[vite][22m[39m [32mhmr update [39m[2m/src/pages/Checkout.jsx[22m
[2m7:01:26 am[22m [36m[1m[vite][22m[39m [32mhmr update [39m[2m/src/context/AuthContext.jsx, /src/context/DataContext.jsx, /src/pages/Admin.jsx, /src/context/WishlistContext.jsx, /src/context/CartContext.jsx[22m
[2m7:01:26 am[22m [36m[1m[vite][22m[39m [33mhmr invalidate [39m[2m/src/context/AuthContext.jsx[22m Could not Fast Refresh ("useAuth" export is incompatible). Learn more at https://github.com/vitejs/vite-plugin-react/tree/main/packages/plugin-react#consistent-components-exports
[2m7:01:26 am[22m [36m[1m[vite][22m[39m [32mhmr update [39m[2m/src/App.jsx, /src/pages/OrderStatus.jsx, /src/pages/Wishlist.jsx, /src/pages/Admin.jsx, /src/pages/ProductDetail.jsx, /src/pages/Checkout.jsx, /src/components/Navbar.jsx, /src/pages/Login.jsx, /src/pages/MyOrders.jsx, /src/context/WishlistContext.jsx, /src/pages/Signup.jsx, /src/components/ProductCard.jsx[22m
[2m7:01:26 am[22m [36m[1m[vite][22m[39m [33mhmr invalidate [39m[2m/src/context/DataContext.jsx[22m Could not Fast Refresh ("useData" export is incompatible). Learn more at https://github.com/vitejs/vite-plugin-react/tree/main/packages/plugin-react#consistent-components-exports
[2m7:01:26 am[22m [36m[1m[vite][22m[39m [32mhmr update [39m[2m/src/App.jsx, /src/components/CartDrawer.jsx, /src/pages/Home.jsx, /src/pages/Catalog.jsx, /src/pages/OrderStatus.jsx, /src/pages/Wishlist.jsx, /src/pages/Admin.jsx, /src/pages/ProductDetail.jsx, /src/pages/Checkout.jsx, /src/components/Navbar.jsx, /src/pages/MyOrders.jsx, /src/components/Footer.jsx, /src/pages/Contact.jsx, /src/components/ProductCard.jsx[22m
[2m7:01:26 am[22m [36m[1m[vite][22m[39m [33mhmr invalidate [39m[2m/src/context/WishlistContext.jsx[22m Could not Fast Refresh ("useWishlist" export is incompatible). Learn more at https://github.com/vitejs/vite-plugin-react/tree/main/packages/plugin-react#consistent-components-exports
[2m7:01:26 am[22m [36m[1m[vite][22m[39m [32mhmr update [39m[2m/src/App.jsx, /src/pages/Wishlist.jsx, /src/pages/ProductDetail.jsx, /src/components/Navbar.jsx, /src/components/ProductCard.jsx[22m
[2m7:01:26 am[22m [36m[1m[vite][22m[39m [33mhmr invalidate [39m[2m/src/context/CartContext.jsx[22m Could not Fast Refresh ("useCart" export is incompatible). Learn more at https://github.com/vitejs/vite-plugin-react/tree/main/packages/plugin-react#consistent-components-exports
[2m7:01:26 am[22m [36m[1m[vite][22m[39m [32mhmr update [39m[2m/src/App.jsx, /src/components/CartDrawer.jsx, /src/pages/Wishlist.jsx, /src/pages/ProductDetail.jsx, /src/pages/Checkout.jsx, /src/components/Navbar.jsx[22m
[2m7:01:42 am[22m [36m[1m[vite][22m[39m [32mhmr update [39m[2m/src/pages/Checkout.jsx[22m
[2m7:02:31 am[22m [36m[1m[vite][22m[39m [32mhmr update [39m[2m/src/pages/Checkout.jsx[22m
[2m7:21:26 am[22m [36m[1m[vite][22m[39m [32mhmr update [39m[2m/src/context/DataContext.jsx[22m
[2m7:21:26 am[22m [36m[1m[vite][22m[39m [33mhmr invalidate [39m[2m/src/context/DataContext.jsx[22m Could not Fast Refresh ("useData" export is incompatible). Learn more at https://github.com/vitejs/vite-plugin-react/tree/main/packages/plugin-react#consistent-components-exports
[2m7:21:26 am[22m [36m[1m[vite][22m[39m [32mhmr update [39m[2m/src/App.jsx, /src/components/CartDrawer.jsx, /src/pages/Home.jsx, /src/pages/Catalog.jsx, /src/pages/OrderStatus.jsx, /src/pages/Wishlist.jsx, /src/pages/Admin.jsx, /src/pages/ProductDetail.jsx, /src/pages/Checkout.jsx, /src/components/Navbar.jsx, /src/pages/MyOrders.jsx, /src/components/Footer.jsx, /src/pages/Contact.jsx, /src/components/ProductCard.jsx[22m
[2m7:21:48 am[22m [36m[1m[vite][22m[39m [32mhmr update [39m[2m/src/context/DataContext.jsx[22m
[2m7:21:48 am[22m [36m[1m[vite][22m[39m [33mhmr invalidate [39m[2m/src/context/DataContext.jsx[22m Could not Fast Refresh ("useData" export is incompatible). Learn more at https://github.com/vitejs/vite-plugin-react/tree/main/packages/plugin-react#consistent-components-exports
[2m7:21:48 am[22m [36m[1m[vite][22m[39m [32mhmr update [39m[2m/src/App.jsx, /src/components/CartDrawer.jsx, /src/pages/Home.jsx, /src/pages/Catalog.jsx, /src/pages/OrderStatus.jsx, /src/pages/Wishlist.jsx, /src/pages/Admin.jsx, /src/pages/ProductDetail.jsx, /src/pages/Checkout.jsx, /src/components/Navbar.jsx, /src/pages/MyOrders.jsx, /src/components/Footer.jsx, /src/pages/Contact.jsx, /src/components/ProductCard.jsx[22m
[2m7:22:01 am[22m [36m[1m[vite][22m[39m [32mhmr update [39m[2m/src/pages/Checkout.jsx[22m
[2m7:22:16 am[22m [36m[1m[vite][22m[39m [32mhmr update [39m[2m/src/pages/Checkout.jsx[22m
[2m7:22:41 am[22m [36m[1m[vite][22m[39m [32mhmr update [39m[2m/src/index.css[22m
[2m7:35:48 am[22m [36m[1m[vite][22m[39m [32mhmr update [39m[2m/src/components/Navbar.jsx[22m
[2m7:36:00 am[22m [36m[1m[vite][22m[39m [32mhmr update [39m[2m/src/index.css[22m
[2m7:36:28 am[22m [36m[1m[vite][22m[39m [32mhmr update [39m[2m/src/index.css[22m
[2m7:36:28 am[22m [31m[1m[vite][22m[39m [31mInternal server error: [postcss] C:/Users/prince/OneDrive/Desktop/Store/src/index.css:620:1: Unexpected }[39m
  Plugin: [35mvite:css[39m
  File: [36mC:/Users/prince/OneDrive/Desktop/Store/src/index.css[39m:620:0
[33m  618|    .topstrip { font-size: .66rem; }
  619|  }
  620|  }
     |  ^[39m
      at Input.error (C:\Users\prince\OneDrive\Desktop\Store\node_modules\postcss\lib\input.js:135:16)
      at Parser.unexpectedClose (C:\Users\prince\OneDrive\Desktop\Store\node_modules\postcss\lib\parser.js:597:22)
      at Parser.end (C:\Users\prince\OneDrive\Desktop\Store\node_modules\postcss\lib\parser.js:337:12)
      at Parser.parse (C:\Users\prince\OneDrive\Desktop\Store\node_modules\postcss\lib\parser.js:466:16)
      at parse (C:\Users\prince\OneDrive\Desktop\Store\node_modules\postcss\lib\parse.js:11:12)
      at new LazyResult (C:\Users\prince\OneDrive\Desktop\Store\node_modules\postcss\lib\lazy-result.js:171:16)
      at Processor.process (C:\Users\prince\OneDrive\Desktop\Store\node_modules\postcss\lib\processor.js:53:14)
      at compileCSS (file:///C:/Users/prince/OneDrive/Desktop/Store/node_modules/vite/dist/node/chunks/dep-BK3b2jBa.js:36898:59)
      at async TransformPluginContext.transform (file:///C:/Users/prince/OneDrive/Desktop/Store/node_modules/vite/dist/node/chunks/dep-BK3b2jBa.js:36171:11)
      at async PluginContainer.transform (file:///C:/Users/prince/OneDrive/Desktop/Store/node_modules/vite/dist/node/chunks/dep-BK3b2jBa.js:49099:18)
      at async loadAndTransform (file:///C:/Users/prince/OneDrive/Desktop/Store/node_modules/vite/dist/node/chunks/dep-BK3b2jBa.js:51978:27)
      at async viteTransformMiddleware (file:///C:/Users/prince/OneDrive/Desktop/Store/node_modules/vite/dist/node/chunks/dep-BK3b2jBa.js:62106:24)
[2m7:38:24 am[22m [31m[1m[vite][22m[39m Pre-transform error: [postcss] C:/Users/prince/OneDrive/Desktop/Store/src/index.css:620:1: Unexpected }
[2m7:38:25 am[22m [31m[1m[vite][22m[39m [31mInternal server error: [postcss] C:/Users/prince/OneDrive/Desktop/Store/src/index.css:620:1: Unexpected }[39m
  Plugin: [35mvite:css[39m
  File: [36mC:/Users/prince/OneDrive/Desktop/Store/src/index.css[39m:620:0
[33m  618|    .topstrip { font-size: .66rem; }
  619|  }
  620|  }
     |  ^[39m
      at Input.error (C:\Users\prince\OneDrive\Desktop\Store\node_modules\postcss\lib\input.js:135:16)
      at Parser.unexpectedClose (C:\Users\prince\OneDrive\Desktop\Store\node_modules\postcss\lib\parser.js:597:22)
      at Parser.end (C:\Users\prince\OneDrive\Desktop\Store\node_modules\postcss\lib\parser.js:337:12)
      at Parser.parse (C:\Users\prince\OneDrive\Desktop\Store\node_modules\postcss\lib\parser.js:466:16)
      at parse (C:\Users\prince\OneDrive\Desktop\Store\node_modules\postcss\lib\parse.js:11:12)
      at new LazyResult (C:\Users\prince\OneDrive\Desktop\Store\node_modules\postcss\lib\lazy-result.js:171:16)
      at Processor.process (C:\Users\prince\OneDrive\Desktop\Store\node_modules\postcss\lib\processor.js:53:14)
      at compileCSS (file:///C:/Users/prince/OneDrive/Desktop/Store/node_modules/vite/dist/node/chunks/dep-BK3b2jBa.js:36898:59)
      at async TransformPluginContext.transform (file:///C:/Users/prince/OneDrive/Desktop/Store/node_modules/vite/dist/node/chunks/dep-BK3b2jBa.js:36171:11)
      at async PluginContainer.transform (file:///C:/Users/prince/OneDrive/Desktop/Store/node_modules/vite/dist/node/chunks/dep-BK3b2jBa.js:49099:18)
      at async loadAndTransform (file:///C:/Users/prince/OneDrive/Desktop/Store/node_modules/vite/dist/node/chunks/dep-BK3b2jBa.js:51978:27)
      at async viteTransformMiddleware (file:///C:/Users/prince/OneDrive/Desktop/Store/node_modules/vite/dist/node/chunks/dep-BK3b2jBa.js:62106:24)
[2m7:40:16 am[22m [36m[1m[vite][22m[39m [32mhmr update [39m[2m/src/index.css[22m
[2m7:40:16 am[22m [31m[1m[vite][22m[39m Pre-transform error: [postcss] C:/Users/prince/OneDrive/Desktop/Store/src/index.css:623:1: Unexpected }
[2m7:40:17 am[22m [31m[1m[vite][22m[39m [31mInternal server error: [postcss] C:/Users/prince/OneDrive/Desktop/Store/src/index.css:623:1: Unexpected }[39m
  Plugin: [35mvite:css[39m
  File: [36mC:/Users/prince/OneDrive/Desktop/Store/src/index.css[39m:623:0
[33m  621|    .topstrip { font-size: .66rem; }
  622|  }
  623|  }
     |  ^[39m
      at Input.error (C:\Users\prince\OneDrive\Desktop\Store\node_modules\postcss\lib\input.js:135:16)
      at Parser.unexpectedClose (C:\Users\prince\OneDrive\Desktop\Store\node_modules\postcss\lib\parser.js:597:22)
      at Parser.end (C:\Users\prince\OneDrive\Desktop\Store\node_modules\postcss\lib\parser.js:337:12)
      at Parser.parse (C:\Users\prince\OneDrive\Desktop\Store\node_modules\postcss\lib\parser.js:466:16)
      at parse (C:\Users\prince\OneDrive\Desktop\Store\node_modules\postcss\lib\parse.js:11:12)
      at new LazyResult (C:\Users\prince\OneDrive\Desktop\Store\node_modules\postcss\lib\lazy-result.js:171:16)
      at Processor.process (C:\Users\prince\OneDrive\Desktop\Store\node_modules\postcss\lib\processor.js:53:14)
      at compileCSS (file:///C:/Users/prince/OneDrive/Desktop/Store/node_modules/vite/dist/node/chunks/dep-BK3b2jBa.js:36898:59)
      at async TransformPluginContext.transform (file:///C:/Users/prince/OneDrive/Desktop/Store/node_modules/vite/dist/node/chunks/dep-BK3b2jBa.js:36171:11)
      at async PluginContainer.transform (file:///C:/Users/prince/OneDrive/Desktop/Store/node_modules/vite/dist/node/chunks/dep-BK3b2jBa.js:49099:18)
      at async loadAndTransform (file:///C:/Users/prince/OneDrive/Desktop/Store/node_modules/vite/dist/node/chunks/dep-BK3b2jBa.js:51978:27)
      at async viteTransformMiddleware (file:///C:/Users/prince/OneDrive/Desktop/Store/node_modules/vite/dist/node/chunks/dep-BK3b2jBa.js:62106:24)
[2m7:40:47 am[22m [36m[1m[vite][22m[39m [32mhmr update [39m[2m/src/index.css[22m
[2m7:40:47 am[22m [31m[1m[vite][22m[39m Pre-transform error: [postcss] C:/Users/prince/OneDrive/Desktop/Store/src/index.css:645:1: Unexpected }
[2m7:40:47 am[22m [31m[1m[vite][22m[39m [31mInternal server error: [postcss] C:/Users/prince/OneDrive/Desktop/Store/src/index.css:645:1: Unexpected }[39m
  Plugin: [35mvite:css[39m
  File: [36mC:/Users/prince/OneDrive/Desktop/Store/src/index.css[39m:645:0
[33m  643|    .mobile-menu a, .mobile-menu .mobile-logout { padding: 12px 14px; font-size: .9rem; }
  644|  }
  645|  }
     |  ^[39m
      at Input.error (C:\Users\prince\OneDrive\Desktop\Store\node_modules\postcss\lib\input.js:135:16)
      at Parser.unexpectedClose (C:\Users\prince\OneDrive\Desktop\Store\node_modules\postcss\lib\parser.js:597:22)
      at Parser.end (C:\Users\prince\OneDrive\Desktop\Store\node_modules\postcss\lib\parser.js:337:12)
      at Parser.parse (C:\Users\prince\OneDrive\Desktop\Store\node_modules\postcss\lib\parser.js:466:16)
      at parse (C:\Users\prince\OneDrive\Desktop\Store\node_modules\postcss\lib\parse.js:11:12)
      at new LazyResult (C:\Users\prince\OneDrive\Desktop\Store\node_modules\postcss\lib\lazy-result.js:171:16)
      at Processor.process (C:\Users\prince\OneDrive\Desktop\Store\node_modules\postcss\lib\processor.js:53:14)
      at compileCSS (file:///C:/Users/prince/OneDrive/Desktop/Store/node_modules/vite/dist/node/chunks/dep-BK3b2jBa.js:36898:59)
      at async TransformPluginContext.transform (file:///C:/Users/prince/OneDrive/Desktop/Store/node_modules/vite/dist/node/chunks/dep-BK3b2jBa.js:36171:11)
      at async PluginContainer.transform (file:///C:/Users/prince/OneDrive/Desktop/Store/node_modules/vite/dist/node/chunks/dep-BK3b2jBa.js:49099:18)
      at async loadAndTransform (file:///C:/Users/prince/OneDrive/Desktop/Store/node_modules/vite/dist/node/chunks/dep-BK3b2jBa.js:51978:27)
      at async viteTransformMiddleware (file:///C:/Users/prince/OneDrive/Desktop/Store/node_modules/vite/dist/node/chunks/dep-BK3b2jBa.js:62106:24)
[2m7:41:23 am[22m [31m[1m[vite][22m[39m [31mInternal server error: [postcss] C:/Users/prince/OneDrive/Desktop/Store/src/index.css:645:1: Unexpected }[39m
  Plugin: [35mvite:css[39m
  File: [36mC:/Users/prince/OneDrive/Desktop/Store/src/index.css[39m:645:0
[33m  643|    .mobile-menu a, .mobile-menu .mobile-logout { padding: 12px 14px; font-size: .9rem; }
  644|  }
  645|  }
     |  ^[39m
      at Input.error (C:\Users\prince\OneDrive\Desktop\Store\node_modules\postcss\lib\input.js:135:16)
      at Parser.unexpectedClose (C:\Users\prince\OneDrive\Desktop\Store\node_modules\postcss\lib\parser.js:597:22)
      at Parser.end (C:\Users\prince\OneDrive\Desktop\Store\node_modules\postcss\lib\parser.js:337:12)
      at Parser.parse (C:\Users\prince\OneDrive\Desktop\Store\node_modules\postcss\lib\parser.js:466:16)
      at parse (C:\Users\prince\OneDrive\Desktop\Store\node_modules\postcss\lib\parse.js:11:12)
      at new LazyResult (C:\Users\prince\OneDrive\Desktop\Store\node_modules\postcss\lib\lazy-result.js:171:16)
      at Processor.process (C:\Users\prince\OneDrive\Desktop\Store\node_modules\postcss\lib\processor.js:53:14)
      at compileCSS (file:///C:/Users/prince/OneDrive/Desktop/Store/node_modules/vite/dist/node/chunks/dep-BK3b2jBa.js:36898:59)
      at async TransformPluginContext.transform (file:///C:/Users/prince/OneDrive/Desktop/Store/node_modules/vite/dist/node/chunks/dep-BK3b2jBa.js:36171:11)
      at async PluginContainer.transform (file:///C:/Users/prince/OneDrive/Desktop/Store/node_modules/vite/dist/node/chunks/dep-BK3b2jBa.js:49099:18)
      at async loadAndTransform (file:///C:/Users/prince/OneDrive/Desktop/Store/node_modules/vite/dist/node/chunks/dep-BK3b2jBa.js:51978:27)
      at async viteTransformMiddleware (file:///C:/Users/prince/OneDrive/Desktop/Store/node_modules/vite/dist/node/chunks/dep-BK3b2jBa.js:62106:24)
[2m7:41:51 am[22m [36m[1m[vite][22m[39m [32mhmr update [39m[2m/src/index.css[22m
[2m7:41:51 am[22m [31m[1m[vite][22m[39m Pre-transform error: [postcss] C:/Users/prince/OneDrive/Desktop/Store/src/index.css:645:1: Unexpected }
[2m7:41:51 am[22m [31m[1m[vite][22m[39m [31mInternal server error: [postcss] C:/Users/prince/OneDrive/Desktop/Store/src/index.css:645:1: Unexpected }[39m
  Plugin: [35mvite:css[39m
  File: [36mC:/Users/prince/OneDrive/Desktop/Store/src/index.css[39m:645:0
[33m  643|    .mobile-menu a, .mobile-menu .mobile-logout { padding: 12px 14px; font-size: .9rem; }
  644|  }
  645|  }
     |  ^[39m
      at Input.error (C:\Users\prince\OneDrive\Desktop\Store\node_modules\postcss\lib\input.js:135:16)
      at Parser.unexpectedClose (C:\Users\prince\OneDrive\Desktop\Store\node_modules\postcss\lib\parser.js:597:22)
      at Parser.end (C:\Users\prince\OneDrive\Desktop\Store\node_modules\postcss\lib\parser.js:337:12)
      at Parser.parse (C:\Users\prince\OneDrive\Desktop\Store\node_modules\postcss\lib\parser.js:466:16)
      at parse (C:\Users\prince\OneDrive\Desktop\Store\node_modules\postcss\lib\parse.js:11:12)
      at new LazyResult (C:\Users\prince\OneDrive\Desktop\Store\node_modules\postcss\lib\lazy-result.js:171:16)
      at Processor.process (C:\Users\prince\OneDrive\Desktop\Store\node_modules\postcss\lib\processor.js:53:14)
      at compileCSS (file:///C:/Users/prince/OneDrive/Desktop/Store/node_modules/vite/dist/node/chunks/dep-BK3b2jBa.js:36898:59)
      at async TransformPluginContext.transform (file:///C:/Users/prince/OneDrive/Desktop/Store/node_modules/vite/dist/node/chunks/dep-BK3b2jBa.js:36171:11)
      at async PluginContainer.transform (file:///C:/Users/prince/OneDrive/Desktop/Store/node_modules/vite/dist/node/chunks/dep-BK3b2jBa.js:49099:18)
      at async loadAndTransform (file:///C:/Users/prince/OneDrive/Desktop/Store/node_modules/vite/dist/node/chunks/dep-BK3b2jBa.js:51978:27)
      at async viteTransformMiddleware (file:///C:/Users/prince/OneDrive/Desktop/Store/node_modules/vite/dist/node/chunks/dep-BK3b2jBa.js:62106:24)
[2m7:42:06 am[22m [36m[1m[vite][22m[39m [32mhmr update [39m[2m/src/index.css[22m
[2m7:47:37 am[22m [36m[1m[vite][22m[39m [32mhmr update [39m[2m/src/index.css[22m
[2m7:47:59 am[22m [36m[1m[vite][22m[39m [32mhmr update [39m[2m/src/index.css[22m
[2m7:48:13 am[22m [36m[1m[vite][22m[39m [32mhmr update [39m[2m/src/index.css[22m
[2m7:54:16 am[22m [36m[1m[vite][22m[39m [32mhmr update [39m[2m/src/pages/Admin.jsx[22m
[2m7:54:39 am[22m [36m[1m[vite][22m[39m [32mhmr update [39m[2m/src/pages/Admin.jsx[22m
[2m7:54:55 am[22m [36m[1m[vite][22m[39m [32mhmr update [39m[2m/src/pages/Admin.jsx[22m
[2m8:00:26 am[22m [36m[1m[vite][22m[39m [32mhmr update [39m[2m/src/pages/Admin.jsx[22m
[2m8:00:57 am[22m [36m[1m[vite][22m[39m [32mhmr update [39m[2m/src/index.css[22m
